Archive member included because of file (symbol)

d:/imt/imt_sdk_win_64/winavr/bin/../lib/gcc/avr/4.3.3/avr5\libgcc.a(_exit.o)
                              d:/imt/imt_sdk_win_64/winavr/bin/../lib/gcc/avr/4.3.3/../../../../avr/lib/avr5/crtm32.o (exit)
d:/imt/imt_sdk_win_64/winavr/bin/../lib/gcc/avr/4.3.3/avr5\libgcc.a(_clear_bss.o)
                              ./EXTI_PROGRAM.o (__do_clear_bss)

Memory Configuration

Name             Origin             Length             Attributes
text             0x00000000         0x00020000         xr
data             0x00800060         0x0000ffa0         rw !x
eeprom           0x00810000         0x00010000         rw !x
fuse             0x00820000         0x00000400         rw !x
lock             0x00830000         0x00000400         rw !x
signature        0x00840000         0x00000400         rw !x
*default*        0x00000000         0xffffffff

Linker script and memory map

LOAD d:/imt/imt_sdk_win_64/winavr/bin/../lib/gcc/avr/4.3.3/../../../../avr/lib/avr5/crtm32.o
LOAD ./APPL.o
LOAD ./DIO_PROGRAM.o
LOAD ./EXTI_PROGRAM.o
LOAD ./GI_PROGRAM.o
LOAD d:/imt/imt_sdk_win_64/winavr/bin/../lib/gcc/avr/4.3.3/avr5\libgcc.a
LOAD d:/imt/imt_sdk_win_64/winavr/bin/../lib/gcc/avr/4.3.3/../../../../avr/lib/avr5\libc.a
LOAD d:/imt/imt_sdk_win_64/winavr/bin/../lib/gcc/avr/4.3.3/avr5\libgcc.a

.hash
 *(.hash)

.dynsym
 *(.dynsym)

.dynstr
 *(.dynstr)

.gnu.version
 *(.gnu.version)

.gnu.version_d
 *(.gnu.version_d)

.gnu.version_r
 *(.gnu.version_r)

.rel.init
 *(.rel.init)

.rela.init
 *(.rela.init)

.rel.text
 *(.rel.text)
 *(.rel.text.*)
 *(.rel.gnu.linkonce.t*)

.rela.text
 *(.rela.text)
 *(.rela.text.*)
 *(.rela.gnu.linkonce.t*)

.rel.fini
 *(.rel.fini)

.rela.fini
 *(.rela.fini)

.rel.rodata
 *(.rel.rodata)
 *(.rel.rodata.*)
 *(.rel.gnu.linkonce.r*)

.rela.rodata
 *(.rela.rodata)
 *(.rela.rodata.*)
 *(.rela.gnu.linkonce.r*)

.rel.data
 *(.rel.data)
 *(.rel.data.*)
 *(.rel.gnu.linkonce.d*)

.rela.data
 *(.rela.data)
 *(.rela.data.*)
 *(.rela.gnu.linkonce.d*)

.rel.ctors
 *(.rel.ctors)

.rela.ctors
 *(.rela.ctors)

.rel.dtors
 *(.rel.dtors)

.rela.dtors
 *(.rela.dtors)

.rel.got
 *(.rel.got)

.rela.got
 *(.rela.got)

.rel.bss
 *(.rel.bss)

.rela.bss
 *(.rela.bss)

.rel.plt
 *(.rel.plt)

.rela.plt
 *(.rela.plt)

.text           0x00000000      0xd74
 *(.vectors)
 .vectors       0x00000000       0x54 d:/imt/imt_sdk_win_64/winavr/bin/../lib/gcc/avr/4.3.3/../../../../avr/lib/avr5/crtm32.o
                0x00000000                __vectors
                0x00000000                __vector_default
 *(.vectors)
 *(.progmem.gcc*)
 *(.progmem*)
                0x00000054                . = ALIGN (0x2)
                0x00000054                __trampolines_start = .
 *(.trampolines)
 .trampolines   0x00000054        0x0 linker stubs
 *(.trampolines*)
                0x00000054                __trampolines_end = .
 *(.jumptables)
 *(.jumptables*)
 *(.lowtext)
 *(.lowtext*)
                0x00000054                __ctors_start = .
 *(.ctors)
                0x00000054                __ctors_end = .
                0x00000054                __dtors_start = .
 *(.dtors)
                0x00000054                __dtors_end = .
 SORT(*)(.ctors)
 SORT(*)(.dtors)
 *(.init0)
 .init0         0x00000054        0x0 d:/imt/imt_sdk_win_64/winavr/bin/../lib/gcc/avr/4.3.3/../../../../avr/lib/avr5/crtm32.o
                0x00000054                __init
 *(.init0)
 *(.init1)
 *(.init1)
 *(.init2)
 .init2         0x00000054        0xc d:/imt/imt_sdk_win_64/winavr/bin/../lib/gcc/avr/4.3.3/../../../../avr/lib/avr5/crtm32.o
 *(.init2)
 *(.init3)
 *(.init3)
 *(.init4)
 .init4         0x00000060       0x10 d:/imt/imt_sdk_win_64/winavr/bin/../lib/gcc/avr/4.3.3/avr5\libgcc.a(_clear_bss.o)
                0x00000060                __do_clear_bss
 *(.init4)
 *(.init5)
 *(.init5)
 *(.init6)
 *(.init6)
 *(.init7)
 *(.init7)
 *(.init8)
 *(.init8)
 *(.init9)
 .init9         0x00000070        0x8 d:/imt/imt_sdk_win_64/winavr/bin/../lib/gcc/avr/4.3.3/../../../../avr/lib/avr5/crtm32.o
 *(.init9)
 *(.text)
 .text          0x00000078        0x4 d:/imt/imt_sdk_win_64/winavr/bin/../lib/gcc/avr/4.3.3/../../../../avr/lib/avr5/crtm32.o
                0x00000078                __vector_12
                0x00000078                __bad_interrupt
                0x00000078                __vector_6
                0x00000078                __vector_11
                0x00000078                __vector_13
                0x00000078                __vector_17
                0x00000078                __vector_19
                0x00000078                __vector_7
                0x00000078                __vector_5
                0x00000078                __vector_4
                0x00000078                __vector_9
                0x00000078                __vector_15
                0x00000078                __vector_8
                0x00000078                __vector_14
                0x00000078                __vector_10
                0x00000078                __vector_16
                0x00000078                __vector_18
                0x00000078                __vector_20
 .text          0x0000007c        0x0 ./APPL.o
 .text          0x0000007c        0x0 ./DIO_PROGRAM.o
 .text          0x0000007c        0x0 ./EXTI_PROGRAM.o
 .text          0x0000007c        0x0 ./GI_PROGRAM.o
 .text          0x0000007c        0x0 d:/imt/imt_sdk_win_64/winavr/bin/../lib/gcc/avr/4.3.3/avr5\libgcc.a(_exit.o)
 .text          0x0000007c        0x0 d:/imt/imt_sdk_win_64/winavr/bin/../lib/gcc/avr/4.3.3/avr5\libgcc.a(_clear_bss.o)
                0x0000007c                . = ALIGN (0x2)
 *(.text.*)
 .text.main     0x0000007c       0x38 ./APPL.o
                0x0000007c                main
 .text.LED      0x000000b4       0x18 ./APPL.o
                0x000000b4                LED
 .text.DIO_u8SetPortDirection
                0x000000cc       0xa2 ./DIO_PROGRAM.o
                0x000000cc                DIO_u8SetPortDirection
 .text.DIO_u8SetPINDirection
                0x0000016e      0x210 ./DIO_PROGRAM.o
                0x0000016e                DIO_u8SetPINDirection
 .text.DIO_u8SetPortValue
                0x0000037e       0xa2 ./DIO_PROGRAM.o
                0x0000037e                DIO_u8SetPortValue
 .text.DIO_u8SetPINValue
                0x00000420      0x210 ./DIO_PROGRAM.o
                0x00000420                DIO_u8SetPINValue
 .text.DIO_u8GetPortValue
                0x00000630       0xa4 ./DIO_PROGRAM.o
                0x00000630                DIO_u8GetPortValue
 .text.DIO_u8GetPINValue
                0x000006d4      0x146 ./DIO_PROGRAM.o
                0x000006d4                DIO_u8GetPINValue
 .text.EXTI_SensingStateINT0
                0x0000081a       0xda ./EXTI_PROGRAM.o
                0x0000081a                EXTI_SensingStateINT0
 .text.EXTI_SensingStateINT1
                0x000008f4       0xda ./EXTI_PROGRAM.o
                0x000008f4                EXTI_SensingStateINT1
 .text.EXTI_SensingStateINT2
                0x000009ce       0x64 ./EXTI_PROGRAM.o
                0x000009ce                EXTI_SensingStateINT2
 .text.EXTI_VoidEnableINT0
                0x00000a32       0x1c ./EXTI_PROGRAM.o
                0x00000a32                EXTI_VoidEnableINT0
 .text.EXTI_VoidEnableINT1
                0x00000a4e       0x1c ./EXTI_PROGRAM.o
                0x00000a4e                EXTI_VoidEnableINT1
 .text.EXTI_VoidEnableINT2
                0x00000a6a       0x1c ./EXTI_PROGRAM.o
                0x00000a6a                EXTI_VoidEnableINT2
 .text.EXTI_VoidDisableINT0
                0x00000a86       0x1c ./EXTI_PROGRAM.o
                0x00000a86                EXTI_VoidDisableINT0
 .text.EXTI_VoidDisableINT1
                0x00000aa2       0x1c ./EXTI_PROGRAM.o
                0x00000aa2                EXTI_VoidDisableINT1
 .text.EXTI_VoidDisableINT2
                0x00000abe       0x1c ./EXTI_PROGRAM.o
                0x00000abe                EXTI_VoidDisableINT2
 .text.EXTI_VoidClrFlagInt0
                0x00000ada       0x1c ./EXTI_PROGRAM.o
                0x00000ada                EXTI_VoidClrFlagInt0
 .text.EXTI_VoidClrFlagInt1
                0x00000af6       0x1c ./EXTI_PROGRAM.o
                0x00000af6                EXTI_VoidClrFlagInt1
 .text.EXTI_VoidClrFlagInt2
                0x00000b12       0x1c ./EXTI_PROGRAM.o
                0x00000b12                EXTI_VoidClrFlagInt2
 .text.EXTI_InitINT0
                0x00000b2e       0x48 ./EXTI_PROGRAM.o
                0x00000b2e                EXTI_InitINT0
 .text.EXTI_InitINT1
                0x00000b76       0x48 ./EXTI_PROGRAM.o
                0x00000b76                EXTI_InitINT1
 .text.EXTI_InitINT2
                0x00000bbe       0x48 ./EXTI_PROGRAM.o
                0x00000bbe                EXTI_InitINT2
 .text.__vector_1
                0x00000c06       0x66 ./EXTI_PROGRAM.o
                0x00000c06                __vector_1
 .text.__vector_2
                0x00000c6c       0x66 ./EXTI_PROGRAM.o
                0x00000c6c                __vector_2
 .text.__vector_3
                0x00000cd2       0x66 ./EXTI_PROGRAM.o
                0x00000cd2                __vector_3
 .text.GI_VidEnableGlobalInterrupt
                0x00000d38       0x1c ./GI_PROGRAM.o
                0x00000d38                GI_VidEnableGlobalInterrupt
 .text.GI_VidDisableGlobalInterrupt
                0x00000d54       0x1c ./GI_PROGRAM.o
                0x00000d54                GI_VidDisableGlobalInterrupt
 .text.libgcc   0x00000d70        0x0 d:/imt/imt_sdk_win_64/winavr/bin/../lib/gcc/avr/4.3.3/avr5\libgcc.a(_exit.o)
 .text.libgcc   0x00000d70        0x0 d:/imt/imt_sdk_win_64/winavr/bin/../lib/gcc/avr/4.3.3/avr5\libgcc.a(_clear_bss.o)
                0x00000d70                . = ALIGN (0x2)
 *(.fini9)
 .fini9         0x00000d70        0x0 d:/imt/imt_sdk_win_64/winavr/bin/../lib/gcc/avr/4.3.3/avr5\libgcc.a(_exit.o)
                0x00000d70                exit
                0x00000d70                _exit
 *(.fini9)
 *(.fini8)
 *(.fini8)
 *(.fini7)
 *(.fini7)
 *(.fini6)
 *(.fini6)
 *(.fini5)
 *(.fini5)
 *(.fini4)
 *(.fini4)
 *(.fini3)
 *(.fini3)
 *(.fini2)
 *(.fini2)
 *(.fini1)
 *(.fini1)
 *(.fini0)
 .fini0         0x00000d70        0x4 d:/imt/imt_sdk_win_64/winavr/bin/../lib/gcc/avr/4.3.3/avr5\libgcc.a(_exit.o)
 *(.fini0)
                0x00000d74                _etext = .

.data           0x00800060        0x0 load address 0x00000d74
                0x00800060                PROVIDE (__data_start, .)
 *(.data)
 .data          0x00800060        0x0 d:/imt/imt_sdk_win_64/winavr/bin/../lib/gcc/avr/4.3.3/../../../../avr/lib/avr5/crtm32.o
 .data          0x00800060        0x0 ./APPL.o
 .data          0x00800060        0x0 ./DIO_PROGRAM.o
 .data          0x00800060        0x0 ./EXTI_PROGRAM.o
 .data          0x00800060        0x0 ./GI_PROGRAM.o
 .data          0x00800060        0x0 d:/imt/imt_sdk_win_64/winavr/bin/../lib/gcc/avr/4.3.3/avr5\libgcc.a(_exit.o)
 .data          0x00800060        0x0 d:/imt/imt_sdk_win_64/winavr/bin/../lib/gcc/avr/4.3.3/avr5\libgcc.a(_clear_bss.o)
 *(.data*)
 *(.rodata)
 *(.rodata*)
 *(.gnu.linkonce.d*)
                0x00800060                . = ALIGN (0x2)
                0x00800060                _edata = .
                0x00800060                PROVIDE (__data_end, .)

.bss            0x00800060        0x6
                0x00800060                PROVIDE (__bss_start, .)
 *(.bss)
 .bss           0x00800060        0x0 d:/imt/imt_sdk_win_64/winavr/bin/../lib/gcc/avr/4.3.3/../../../../avr/lib/avr5/crtm32.o
 .bss           0x00800060        0x0 ./APPL.o
 .bss           0x00800060        0x0 ./DIO_PROGRAM.o
 .bss           0x00800060        0x0 ./EXTI_PROGRAM.o
 .bss           0x00800060        0x0 ./GI_PROGRAM.o
 .bss           0x00800060        0x0 d:/imt/imt_sdk_win_64/winavr/bin/../lib/gcc/avr/4.3.3/avr5\libgcc.a(_exit.o)
 .bss           0x00800060        0x0 d:/imt/imt_sdk_win_64/winavr/bin/../lib/gcc/avr/4.3.3/avr5\libgcc.a(_clear_bss.o)
 *(.bss*)
 .bss.EXTI_Ptr_CallBack_INT0
                0x00800060        0x2 ./EXTI_PROGRAM.o
 .bss.EXTI_Ptr_CallBack_INT1
                0x00800062        0x2 ./EXTI_PROGRAM.o
 .bss.EXTI_Ptr_CallBack_INT2
                0x00800064        0x2 ./EXTI_PROGRAM.o
 *(COMMON)
                0x00800066                PROVIDE (__bss_end, .)
                0x00000d74                __data_load_start = LOADADDR (.data)
                0x00000d74                __data_load_end = (__data_load_start + SIZEOF (.data))

.noinit         0x00800066        0x0
                0x00800066                PROVIDE (__noinit_start, .)
 *(.noinit*)
                0x00800066                PROVIDE (__noinit_end, .)
                0x00800066                _end = .
                0x00800066                PROVIDE (__heap_start, .)

.eeprom         0x00810000        0x0
 *(.eeprom*)
                0x00810000                __eeprom_end = .

.fuse
 *(.fuse)
 *(.lfuse)
 *(.hfuse)
 *(.efuse)

.lock
 *(.lock*)

.signature
 *(.signature*)

.stab           0x00000000     0x132c
 *(.stab)
 .stab          0x00000000      0x258 ./APPL.o
 .stab          0x00000258      0x78c ./DIO_PROGRAM.o
                                0x840 (size before relaxing)
 .stab          0x000009e4      0x804 ./EXTI_PROGRAM.o
                                0x8dc (size before relaxing)
 .stab          0x000011e8      0x144 ./GI_PROGRAM.o
                                0x1d4 (size before relaxing)

.stabstr        0x00000000      0x89a
 *(.stabstr)
 .stabstr       0x00000000      0x89a ./APPL.o

.stab.excl
 *(.stab.excl)

.stab.exclstr
 *(.stab.exclstr)

.stab.index
 *(.stab.index)

.stab.indexstr
 *(.stab.indexstr)

.comment
 *(.comment)

.debug
 *(.debug)

.line
 *(.line)

.debug_srcinfo
 *(.debug_srcinfo)

.debug_sfnames
 *(.debug_sfnames)

.debug_aranges
 *(.debug_aranges)

.debug_pubnames
 *(.debug_pubnames)

.debug_info
 *(.debug_info)
 *(.gnu.linkonce.wi.*)

.debug_abbrev
 *(.debug_abbrev)

.debug_line
 *(.debug_line)

.debug_frame
 *(.debug_frame)

.debug_str
 *(.debug_str)

.debug_loc
 *(.debug_loc)

.debug_macinfo
 *(.debug_macinfo)
OUTPUT(Drivers.elf elf32-avr)
LOAD linker stubs
